// Jest Snapshot v1, https://goo.gl/fbAQLP

exports[`Molecule Nav matches snapshot 1`] = `
<nav
  class="m nav"
>
  <a
    class="nav-item f-nav"
  >
    Foo
  </a>
  <a
    class="nav-item f-nav"
  >
    Bar
  </a>
</nav>
`;
